
**** Build of configuration Debug for project xilkernel_posix_threads_demo_0 ****

make all 
Building file: ../src/main.c
Invoking: MicroBlaze gcc compiler
mb-gcc -Wall -O0 -g3 -c -fmessage-length=0 -D __XMK__ -I../../xilkernel_posix_threads_demo_bsp_0/microblaze_0/include -mlittle-endian -mxl-barrel-shift -mxl-pattern-compare -mcpu=v8.20.b -mno-xl-soft-mul -MMD -MP -MF"src/main.d" -MT"src/main.d" -o"src/main.o" "../src/main.c"
Finished building: ../src/main.c
' '
Building file: ../src/platform.c
Invoking: MicroBlaze gcc compiler
mb-gcc -Wall -O0 -g3 -c -fmessage-length=0 -D __XMK__ -I../../xilkernel_posix_threads_demo_bsp_0/microblaze_0/include -mlittle-endian -mxl-barrel-shift -mxl-pattern-compare -mcpu=v8.20.b -mno-xl-soft-mul -MMD -MP -MF"src/platform.d" -MT"src/platform.d" -o"src/platform.o" "../src/platform.c"
Finished building: ../src/platform.c
' '
Building target: xilkernel_posix_threads_demo_0.elf
Invoking: MicroBlaze gcc linker
mb-gcc -Wl,-T -Wl,../src/lscript.ld -L../../xilkernel_posix_threads_demo_bsp_0/microblaze_0/lib -mlittle-endian -mxl-barrel-shift -mxl-pattern-compare -mcpu=v8.20.b -mno-xl-soft-mul -o"xilkernel_posix_threads_demo_0.elf"  ./src/main.o ./src/platform.o   -lxilkernel
Finished building target: xilkernel_posix_threads_demo_0.elf
' '
Invoking: MicroBlaze Print Size
mb-size xilkernel_posix_threads_demo_0.elf  |tee "xilkernel_posix_threads_demo_0.elf.size"
   text	   data	    bss	    dec	    hex	filename
  18350	    464	  19226	  38040	   9498	xilkernel_posix_threads_demo_0.elf
Finished building: xilkernel_posix_threads_demo_0.elf.size
' '
Invoking: Xilinx ELF Check
elfcheck xilkernel_posix_threads_demo_0.elf -hw ../../ML605_System_fmc150_testbench4_DMA_hw_platform/system.xml -pe microblaze_0  |tee "xilkernel_posix_threads_demo_0.elf.elfcheck"
elfcheck
Xilinx EDK 13.4 Build EDK_O.87xd
Copyright (c) 1995-2011 Xilinx, Inc.  All rights reserved.

Command Line: elfcheck -hw
../../ML605_System_fmc150_testbench4_DMA_hw_platform/system.xml -pe microblaze_0
xilkernel_posix_threads_demo_0.elf 

ELF file	: xilkernel_posix_threads_demo_0.elf
elfcheck passed.
Finished building: xilkernel_posix_threads_demo_0.elf.elfcheck
' '
